[providerp.eu/index.html]
[providerp.eu/_next/static/media/bb3ef058b751a6ad-s.p.woff2]
[providerp.eu/_next/static/media/e4af272ccee01ff0-s.p.woff2]
[providerp.eu/Provide_Launch_Teaser.png]
[providerp.eu/_next/static/css/803cc06fde1d6405.css]
[providerp.eu/_next/static/css/bfc5a44d9987939e.css]
[providerp.eu/_next/static/chunks/webpack-b7286ac0c16da437.js]
[providerp.eu/_next/static/chunks/4bd1b696-fe23e313bc0ba09d.js]
[providerp.eu/_next/static/chunks/1684-77503b347d47cf2c.js]
[providerp.eu/_next/static/chunks/main-app-d41d56f775a954bb.js]
[providerp.eu/_next/static/chunks/2848-4a9cb3e778b08ebe.js]
[providerp.eu/_next/static/chunks/8377-371162566719ccdb.js]
[providerp.eu/_next/static/chunks/5411-53c38efd365ee2b9.js]
[providerp.eu/_next/static/chunks/6722-fd78bf8f78cccccb.js]
[providerp.eu/_next/static/chunks/9659-63d6f8e4d0382c17.js]
[providerp.eu/_next/static/chunks/9426-9f0dbb3817625878.js]
[providerp.eu/_next/static/chunks/6766-2d617fc533afe45b.js]
[providerp.eu/_next/static/chunks/3181-0d3ee1033bec0dc5.js]
[providerp.eu/_next/static/chunks/app/layout-c5e5554e63979620.js]
[providerp.eu/_next/static/chunks/app/not-found-0bf780471bae2e2b.js]
[providerp.eu/_next/static/chunks/9793-eae72a846ebe7e0c.js]
[providerp.eu/_next/static/chunks/1830-09e32544ae986482.js]
[backblue.gif]
[fade.gif]
[index.html]
[providerp.eu/_next/static/chunks/app/page-d189725407916dbb.js]
[providerp.eu/favicon-16x16.16.delayed]
[providerp.eu/favicon.ico]
[providerp.eu/apple-touch-icon.18.delayed]
[providerp.eu/_next/static/chunks/polyfills-42372ed130431b0a.js]
[providerp.eu/_next/logod739.png]
[providerp.eu/whitelist.1b.delayed]
[providerp.eu/statistics.html]
[providerp.eu/team.html]
[providerp.eu/sign-in.html]
[providerp.eu/_next/gabz-logo244f.png]
[providerp.eu/_next/brofx-logo1aa3.png]
[providerp.eu/_next/lb-scripts20f1.png]
[providerp.eu/_next/jg-scripts-logo1bdd.png]
[providerp.eu/_next/drc-scripts2dfe.png]
[providerp.eu/_next/wasabi-logoe9c7.png]
[providerp.eu/_next/kamion74c0.png]
[providerp.eu/_next/robhouse1f38.png]
[providerp.eu/_next/lokatore14a.png]
[providerp.eu/_next/kleno6ddd.png]
[providerp.eu/_next/robshop481b.png]
[providerp.eu/_next/robatm5797.png]
[providerp.eu/_next/robbank95e0.png]
[providerp.eu/index.html]
[providerp.eu/_next/static/css/803cc06fde1d6405.css]
[providerp.eu/cookies.html]
[providerp.eu/_next/static/media/55c55f0601d81cf3-s.woff2]
[providerp.eu/_next/static/media/26a46d62cd723877-s.woff2]
[providerp.eu/_next/static/media/97e0cb1ae144a2a9-s.woff2]
[providerp.eu/_next/static/media/581909926a08bbc8-s.woff2]
[providerp.eu/_next/static/media/df0a9ae256c0569c-s.woff2]
[providerp.eu/_next/static/media/8e9860b6e62d6359-s.woff2]
[providerp.eu/_next/static/media/886030b0b59bc5a7-s.woff2]
[providerp.eu/_next/static/media/0aa834ed78bf6d07-s.woff2]
[providerp.eu/_next/static/media/67957d42bae0796d-s.woff2]
[providerp.eu/_next/static/media/f911b923c6adde36-s.woff2]
[providerp.eu/_next/static/media/939c4f875ee75fbb-s.woff2]
[providerp.eu/_next/static/css/bfc5a44d9987939e.css]
[providerp.eu/404]
[providerp.eu/404-2]
[providerp.eu/404-3]
[providerp.eu/_next/static/chunks/7228-ac2b6048902cd179.js]
[providerp.eu/statistics.html]
[providerp.eu/_next/static/chunks/app/statistics/page-4acaa9b2afd3983e.js]
[providerp.eu/team.html]
[providerp.eu/_next/static/chunks/app/team/page-b7924eb93dcb3056.js]
[providerp.eu/_next/static/chunks/app/sign-in/page-881939a0129a87de.js]
[providerp.eu/terms.html]
[providerp.eu/sign-in.html]
[providerp.eu/privacy.html]
[providerp.eu/cookies.html]
[providerp.eu/_next/static/chunks/app/cookies/page-f0c4a651d74a1ec7.js]
[providerp.eu/terms.html]
[providerp.eu/_next/static/chunks/app/terms/page-d03b6dc1ac60ab19.js]
[providerp.eu/privacy.html]
[providerp.eu/_next/static/chunks/app/privacy/page-342afacc177d2f9a.js]
